#-----------------------------------------------------------
# Vivado v2023.1 (64-bit)
# SW Build 3865809 on Sun May  7 15:05:29 MDT 2023
# IP Build 3864474 on Sun May  7 20:36:21 MDT 2023
# SharedData Build 3865790 on Sun May 07 13:33:03 MDT 2023
# Start of session at: Tue Jan 16 00:52:31 2024
# Process ID: 13728
# Current directory: D:/ANUL3/APM/RISC_V_IF_ID
# Command line: vivado.exe -gui_launcher_event rodinguilauncherevent14640 D:\ANUL3\APM\RISC_V_IF_ID\RISC_V_IF_ID.xpr
# Log file: D:/ANUL3/APM/RISC_V_IF_ID/vivado.log
# Journal file: D:/ANUL3/APM/RISC_V_IF_ID\vivado.jou
# Running On: DESKTOP-HHR5O5V, OS: Windows, CPU Frequency: 2394 MHz, CPU Physical cores: 2, Host memory: 8499 MB
#-----------------------------------------------------------
start_gui
open_project D:/ANUL3/APM/RISC_V_IF_ID/RISC_V_IF_ID.xpr
update_compile_order -fileset sources_1
launch_simulation
source RISC_V_TB.tcl
close [ open D:/ANUL3/APM/RISC_V_IF_ID/RISC_V_IF_ID.srcs/sources_1/new/ALUcontrol.v w ]
add_files D:/ANUL3/APM/RISC_V_IF_ID/RISC_V_IF_ID.srcs/sources_1/new/ALUcontrol.v
update_compile_order -fileset sources_1
close [ open D:/ANUL3/APM/RISC_V_IF_ID/RISC_V_IF_ID.srcs/sources_1/new/ALU.v w ]
add_files D:/ANUL3/APM/RISC_V_IF_ID/RISC_V_IF_ID.srcs/sources_1/new/ALU.v
update_compile_order -fileset sources_1
close [ open D:/ANUL3/APM/RISC_V_IF_ID/RISC_V_IF_ID.srcs/sources_1/new/EX.v w ]
add_files D:/ANUL3/APM/RISC_V_IF_ID/RISC_V_IF_ID.srcs/sources_1/new/EX.v
update_compile_order -fileset sources_1
close [ open D:/ANUL3/APM/RISC_V_IF_ID/RISC_V_IF_ID.srcs/sources_1/new/data_memory.v w ]
add_files D:/ANUL3/APM/RISC_V_IF_ID/RISC_V_IF_ID.srcs/sources_1/new/data_memory.v
update_compile_order -fileset sources_1
close [ open D:/ANUL3/APM/RISC_V_IF_ID/RISC_V_IF_ID.srcs/sources_1/new/hazard_detection.v w ]
add_files D:/ANUL3/APM/RISC_V_IF_ID/RISC_V_IF_ID.srcs/sources_1/new/hazard_detection.v
update_compile_order -fileset sources_1
close [ open D:/ANUL3/APM/RISC_V_IF_ID/RISC_V_IF_ID.srcs/sources_1/new/forwarding.v w ]
add_files D:/ANUL3/APM/RISC_V_IF_ID/RISC_V_IF_ID.srcs/sources_1/new/forwarding.v
update_compile_order -fileset sources_1
close [ open D:/ANUL3/APM/RISC_V_IF_ID/RISC_V_IF_ID.srcs/sources_1/new/mux4_1.v w ]
add_files D:/ANUL3/APM/RISC_V_IF_ID/RISC_V_IF_ID.srcs/sources_1/new/mux4_1.v
update_compile_order -fileset sources_1
close [ open D:/ANUL3/APM/RISC_V_IF_ID/RISC_V_IF_ID.srcs/sources_1/new/mux3_1.v w ]
add_files D:/ANUL3/APM/RISC_V_IF_ID/RISC_V_IF_ID.srcs/sources_1/new/mux3_1.v
update_compile_order -fileset sources_1
export_ip_user_files -of_objects  [get_files D:/ANUL3/APM/RISC_V_IF_ID/RISC_V_IF_ID.srcs/sources_1/new/mux4_1.v] -no_script -reset -force -quiet
remove_files  D:/ANUL3/APM/RISC_V_IF_ID/RISC_V_IF_ID.srcs/sources_1/new/mux4_1.v
close [ open D:/ANUL3/APM/RISC_V_IF_ID/RISC_V_IF_ID.srcs/sources_1/new/EX_MEM.v w ]
add_files D:/ANUL3/APM/RISC_V_IF_ID/RISC_V_IF_ID.srcs/sources_1/new/EX_MEM.v
update_compile_order -fileset sources_1
export_ip_user_files -of_objects  [get_files D:/ANUL3/APM/RISC_V_IF_ID/RISC_V_IF_ID.srcs/sources_1/new/EX_MEM.v] -no_script -reset -force -quiet
remove_files  D:/ANUL3/APM/RISC_V_IF_ID/RISC_V_IF_ID.srcs/sources_1/new/EX_MEM.v
close [ open D:/ANUL3/APM/RISC_V_IF_ID/RISC_V_IF_ID.srcs/sources_1/new/EX_MEM_pipe.v w ]
add_files D:/ANUL3/APM/RISC_V_IF_ID/RISC_V_IF_ID.srcs/sources_1/new/EX_MEM_pipe.v
update_compile_order -fileset sources_1
close [ open D:/ANUL3/APM/RISC_V_IF_ID/RISC_V_IF_ID.srcs/sources_1/new/MEM_WB_pipe.v w ]
add_files D:/ANUL3/APM/RISC_V_IF_ID/RISC_V_IF_ID.srcs/sources_1/new/MEM_WB_pipe.v
update_compile_order -fileset sources_1
close [ open D:/ANUL3/APM/RISC_V_IF_ID/RISC_V_IF_ID.srcs/sources_1/new/ID_EX_pipe.v w ]
add_files D:/ANUL3/APM/RISC_V_IF_ID/RISC_V_IF_ID.srcs/sources_1/new/ID_EX_pipe.v
update_compile_order -fileset sources_1
update_compile_order -fileset sources_1
update_compile_order -fileset sources_1
update_compile_order -fileset sources_1
close_sim
